     1                                  SECTION .data                        ; секция данных
     2 00000000 48656C6C6F20776F72-         hello: db 'Hello world!',10      ; строка для вывода + перевод строки
     2 00000009 6C64210A           
     3                                      helloLen: equ $-hello            ; длина строки hello
     4                                  
     5                                  SECTION .text                        ; секция кода
     6                                      global _start                    ; объявляем точку входа
     7                                  
     8                                  _start:                              ; начало программы
     9 00000000 B804000000                  mov eax, 4                       ; системный вызов write
    10 00000005 BB01000000                  mov ebx, 1                       ; стандартный вывод stdout
    11 0000000A B9[00000000]                mov ecx, hello                   ; адрес строки
    12 0000000F BA0D000000                  mov edx, helloLen                ; длина строки
    13 00000014 CD80                        int 80h                          ; вызов ядра (печать строки)
    14                                  
    15 00000016 B801000000                  mov eax, 1                       ; системный вызов exit
    16 0000001B BB00000000                  mov ebx, 0                       ; код возврата 0
    17 00000020 CD80                        int 80h                          ; завершение программы
    18                                  
